exports[`Clock component renders the clock correctly renders correctly 1`] = `
<div
  className="clock">
  <span
    className="clock-text">
    01:03
  </span>
</div>
`;
